// Jest Snapshot v1, https://goo.gl/fbAQLP

exports[`renders homepage unchanged 1`] = `
{
  "asFragment": [Function],
  "baseElement": <body>
    <div>
      <div
        class="container"
      >
        <div
          class="row"
        >
          <div
            class="col-lg-8"
          >
            <div
              class="lastRaceContainer"
            >
              <h2>
                Most Recent Race: 
              </h2>
              <div
                class="lastRace"
              >
                <div
                  class="row"
                >
                  <div
                    class="col-lg-4 col-md-6"
                  >
                    <h3 />
                    <p />
                    <a
                      href=""
                      target="_blank"
                    >
                      View on Wikipedia
                    </a>
                  </div>
                  <div
                    class="col-lg-8 col-md-6"
                  >
                    <div
                      style="height: 30vh; width: 100%;"
                    >
                      <div
                        style="width: 100%; height: 100%; margin: 0px; padding: 0px; position: relative;"
                      >
                        <div
                          style="width: 100%; height: 100%; left: 0px; top: 0px; margin: 0px; padding: 0px; position: absolute;"
                        />
                        <div
                          style="width: 50%; height: 50%; left: 50%; top: 50%; margin: 0px; padding: 0px; position: absolute;"
                        >
                          <div
                            style="width: 100%; height: 100%; left: 0px; top: 0px; margin: 0px; padding: 0px; position: absolute;"
                          />
                        </div>
                      </div>
                    </div>
                  </div>
                </div>
              </div>
            </div>
          </div>
        </div>
      </div>
    </div>
  </body>,
  "container": <div>
    <div
      class="container"
    >
      <div
        class="row"
      >
        <div
          class="col-lg-8"
        >
          <div
            class="lastRaceContainer"
          >
            <h2>
              Most Recent Race: 
            </h2>
            <div
              class="lastRace"
            >
              <div
                class="row"
              >
                <div
                  class="col-lg-4 col-md-6"
                >
                  <h3 />
                  <p />
                  <a
                    href=""
                    target="_blank"
                  >
                    View on Wikipedia
                  </a>
                </div>
                <div
                  class="col-lg-8 col-md-6"
                >
                  <div
                    style="height: 30vh; width: 100%;"
                  >
                    <div
                      style="width: 100%; height: 100%; margin: 0px; padding: 0px; position: relative;"
                    >
                      <div
                        style="width: 100%; height: 100%; left: 0px; top: 0px; margin: 0px; padding: 0px; position: absolute;"
                      />
                      <div
                        style="width: 50%; height: 50%; left: 50%; top: 50%; margin: 0px; padding: 0px; position: absolute;"
                      >
                        <div
                          style="width: 100%; height: 100%; left: 0px; top: 0px; margin: 0px; padding: 0px; position: absolute;"
                        />
                      </div>
                    </div>
                  </div>
                </div>
              </div>
            </div>
          </div>
        </div>
      </div>
    </div>
  </div>,
  "debug": [Function],
  "findAllByAltText": [Function],
  "findAllByDisplayValue": [Function],
  "findAllByLabelText": [Function],
  "findAllByPlaceholderText": [Function],
  "findAllByRole": [Function],
  "findAllByTestId": [Function],
  "findAllByText": [Function],
  "findAllByTitle": [Function],
  "findByAltText": [Function],
  "findByDisplayValue": [Function],
  "findByLabelText": [Function],
  "findByPlaceholderText": [Function],
  "findByRole": [Function],
  "findByTestId": [Function],
  "findByText": [Function],
  "findByTitle": [Function],
  "getAllByAltText": [Function],
  "getAllByDisplayValue": [Function],
  "getAllByLabelText": [Function],
  "getAllByPlaceholderText": [Function],
  "getAllByRole": [Function],
  "getAllByTestId": [Function],
  "getAllByText": [Function],
  "getAllByTitle": [Function],
  "getByAltText": [Function],
  "getByDisplayValue": [Function],
  "getByLabelText": [Function],
  "getByPlaceholderText": [Function],
  "getByRole": [Function],
  "getByTestId": [Function],
  "getByText": [Function],
  "getByTitle": [Function],
  "queryAllByAltText": [Function],
  "queryAllByDisplayValue": [Function],
  "queryAllByLabelText": [Function],
  "queryAllByPlaceholderText": [Function],
  "queryAllByRole": [Function],
  "queryAllByTestId": [Function],
  "queryAllByText": [Function],
  "queryAllByTitle": [Function],
  "queryByAltText": [Function],
  "queryByDisplayValue": [Function],
  "queryByLabelText": [Function],
  "queryByPlaceholderText": [Function],
  "queryByRole": [Function],
  "queryByTestId": [Function],
  "queryByText": [Function],
  "queryByTitle": [Function],
  "rerender": [Function],
  "unmount": [Function],
}
`;
